com\mundial\app\controller\ClienteController.class
com\datum\mundialfx\VentasController$4.class
com\mundial\app\controller\BoletosController.class
com\datum\mundialfx\ClientesController$2.class
com\mundial\app\model\PartidoModel.class
com\mundial\app\connection\CreateConnection.class
com\mundial\app\model\UsuarioModel.class
com\mundial\app\util\Sesion.class
com\mundial\app\util\IpUtil.class
com\mundial\app\dao\UsuarioDao.class
com\mundial\app\util\PruebaPassword.class
com\datum\mundialfx\TicketController$2.class
com\datum\mundialfx\UsuariosController$2.class
com\mundial\app\controller\LogController.class
com\datum\mundialfx\VentasController.class
com\datum\mundialfx\PrimaryController.class
com\mundial\app\dao\PartidoDao.class
com\mundial\app\model\LogModel.class
com\datum\mundialfx\VentasController$3.class
com\mundial\app\model\BoletosModel.class
com\mundial\app\dao\VentasDao.class
com\datum\mundialfx\ClientesController.class
com\datum\mundialfx\PartidosController.class
com\datum\mundialfx\MenuVendedorController.class
com\datum\mundialfx\PartidosController$1.class
com\mundial\app\model\ReciboModel.class
com\mundial\app\controller\UsuarioController.class
com\mundial\app\model\VentasModel.class
com\datum\mundialfx\LoginController.class
com\mundial\app\model\TicketModel.class
com\datum\mundialfx\TicketController$1.class
com\datum\mundialfx\UsuariosController.class
com\mundial\app\model\ClienteModel.class
com\mundial\app\dao\BoletosDao.class
com\datum\mundialfx\VentasController$2.class
com\mundial\app\util\PasswordUtil.class
com\mundial\app\controller\VentaController.class
com\datum\mundialfx\PartidosController$2.class
com\datum\mundialfx\MenuAdminController.class
com\mundial\app\dao\ClienteDao.class
com\datum\mundialfx\LogsController.class
com\datum\mundialfx\SecondaryController.class
com\mundial\app\dao\LogDao.class
com\mundial\app\model\DetalleVentaModel.class
com\mundial\app\controller\PartidoController.class
com\datum\mundialfx\ClientesController$1.class
com\datum\mundialfx\TicketController.class
com\datum\mundialfx\App.class
com\mundial\app\util\ClienteSeleccionado.class
com\datum\mundialfx\UsuariosController$1.class
com\mundial\app\util\TicketsUtil.class
com\datum\mundialfx\LogsController$1.class
com\datum\mundialfx\VentasController$1.class
