C:\Users\jdmm0\OneDrive\Desktop\MundialFX\src\main\java\com\mundial\app\model\VentasModel.java
C:\Users\jdmm0\OneDrive\Desktop\MundialFX\src\main\java\com\mundial\app\dao\PartidoDao.java
C:\Users\jdmm0\OneDrive\Desktop\MundialFX\src\main\java\com\mundial\app\util\Sesion.java
C:\Users\jdmm0\OneDrive\Desktop\MundialFX\src\main\java\com\mundial\app\model\ClienteModel.java
C:\Users\jdmm0\OneDrive\Desktop\MundialFX\src\main\java\com\mundial\app\util\IpUtil.java
C:\Users\jdmm0\OneDrive\Desktop\MundialFX\src\main\java\com\mundial\app\model\LogModel.java
C:\Users\jdmm0\OneDrive\Desktop\MundialFX\src\main\java\com\datum\mundialfx\LoginController.java
C:\Users\jdmm0\OneDrive\Desktop\MundialFX\src\main\java\com\datum\mundialfx\TicketController.java
C:\Users\jdmm0\OneDrive\Desktop\MundialFX\src\main\java\com\datum\mundialfx\UsuariosController.java
C:\Users\jdmm0\OneDrive\Desktop\MundialFX\src\main\java\com\mundial\app\util\PruebaPassword.java
C:\Users\jdmm0\OneDrive\Desktop\MundialFX\src\main\java\com\datum\mundialfx\MenuVendedorController.java
C:\Users\jdmm0\OneDrive\Desktop\MundialFX\src\main\java\com\mundial\app\controller\VentaController.java
C:\Users\jdmm0\OneDrive\Desktop\MundialFX\src\main\java\com\mundial\app\util\ClienteSeleccionado.java
C:\Users\jdmm0\OneDrive\Desktop\MundialFX\src\main\java\com\mundial\app\model\PartidoModel.java
C:\Users\jdmm0\OneDrive\Desktop\MundialFX\src\main\java\com\mundial\app\model\TicketModel.java
C:\Users\jdmm0\OneDrive\Desktop\MundialFX\src\main\java\com\mundial\app\dao\VentasDao.java
C:\Users\jdmm0\OneDrive\Desktop\MundialFX\src\main\java\com\mundial\app\model\ReciboModel.java
C:\Users\jdmm0\OneDrive\Desktop\MundialFX\src\main\java\com\datum\mundialfx\PrimaryController.java
C:\Users\jdmm0\OneDrive\Desktop\MundialFX\src\main\java\com\mundial\app\dao\ClienteDao.java
C:\Users\jdmm0\OneDrive\Desktop\MundialFX\src\main\java\com\mundial\app\controller\BoletosController.java
C:\Users\jdmm0\OneDrive\Desktop\MundialFX\src\main\java\com\datum\mundialfx\MenuAdminController.java
C:\Users\jdmm0\OneDrive\Desktop\MundialFX\src\main\java\com\mundial\app\dao\BoletosDao.java
C:\Users\jdmm0\OneDrive\Desktop\MundialFX\src\main\java\com\mundial\app\controller\UsuarioController.java
C:\Users\jdmm0\OneDrive\Desktop\MundialFX\src\main\java\com\mundial\app\controller\LogController.java
C:\Users\jdmm0\OneDrive\Desktop\MundialFX\src\main\java\com\mundial\app\controller\PartidoController.java
C:\Users\jdmm0\OneDrive\Desktop\MundialFX\src\main\java\com\datum\mundialfx\SecondaryController.java
C:\Users\jdmm0\OneDrive\Desktop\MundialFX\src\main\java\com\datum\mundialfx\VentasController.java
C:\Users\jdmm0\OneDrive\Desktop\MundialFX\src\main\java\com\datum\mundialfx\PartidosController.java
C:\Users\jdmm0\OneDrive\Desktop\MundialFX\src\main\java\com\mundial\app\util\TicketsUtil.java
C:\Users\jdmm0\OneDrive\Desktop\MundialFX\src\main\java\com\mundial\app\model\DetalleVentaModel.java
C:\Users\jdmm0\OneDrive\Desktop\MundialFX\src\main\java\com\datum\mundialfx\LogsController.java
C:\Users\jdmm0\OneDrive\Desktop\MundialFX\src\main\java\com\datum\mundialfx\ClientesController.java
C:\Users\jdmm0\OneDrive\Desktop\MundialFX\src\main\java\com\mundial\app\connection\CreateConnection.java
C:\Users\jdmm0\OneDrive\Desktop\MundialFX\src\main\java\com\mundial\app\model\UsuarioModel.java
C:\Users\jdmm0\OneDrive\Desktop\MundialFX\src\main\java\com\mundial\app\util\PasswordUtil.java
C:\Users\jdmm0\OneDrive\Desktop\MundialFX\src\main\java\com\mundial\app\controller\ClienteController.java
C:\Users\jdmm0\OneDrive\Desktop\MundialFX\src\main\java\com\mundial\app\dao\LogDao.java
C:\Users\jdmm0\OneDrive\Desktop\MundialFX\src\main\java\com\datum\mundialfx\App.java
C:\Users\jdmm0\OneDrive\Desktop\MundialFX\src\main\java\com\mundial\app\dao\UsuarioDao.java
C:\Users\jdmm0\OneDrive\Desktop\MundialFX\src\main\java\com\mundial\app\model\BoletosModel.java
